This is pdfTeX, Version 3.14159265-2.6-1.40.21 (MiKTeX 20.12) (preloaded format=latex 2021.1.23)  11 MAY 2021 20:06
entering extended mode
**./tesenewnamingapproach.tex
(tesenewnamingapproach.tex
LaTeX2e <2020-10-01> patch level 3
L3 programming layer <2020-12-07> xparse <2020-03-03>

! LaTeX Error: Missing \begin{document}.

See the LaTeX manual or LaTeX Companion for explanation.
Type  H <return>  for immediate help.
 ...                                              
                                                  
l.1 H
     ello, World！
? 
! Emergency stop.
 ...                                              
                                                  
l.1 H
     ello, World！
You're in trouble here.  Try typing  <return>  to proceed.
If that doesn't work, type  X <return>  to quit.

 
Here is how much of TeX's memory you used:
 19 strings out of 479625
 572 string characters out of 2864223
 267992 words of memory out of 3000000
 17285 multiletter control sequences out of 15000+200000
 403430 words of font info for 27 fonts, out of 3000000 for 9000
 1141 hyphenation exceptions out of 8191
 13i,0n,15p,74b,14s stack positions out of 5000i,500n,10000p,200000b,50000s
No pages of output.
